// Jest Snapshot v1, https://goo.gl/fbAQLP

exports[`Favicon creates a list of <link> elements for favicons suitable for the document head 1`] = `
Array [
  <link
    href="/apple-touch-icon.png"
    rel="apple-touch-icon"
    sizes="180x180"
    type="image/png"
  />,
  <link
    href="/favicon-32x32.png"
    rel="icon"
    sizes="32x32"
    type="image/png"
  />,
  <link
    href="/favicon-16x16.png"
    rel="icon"
    sizes="16x16"
    type="image/png"
  />,
]
`;
