// Jest Snapshot v1, https://goo.gl/fbAQLP

exports[`Integration Test Generated App New component wizard(plop) can generate new atoms through the wizard 1`] = `
"export { default } from './MockComponent'
"
`;

exports[`Integration Test Generated App New component wizard(plop) can generate new atoms through the wizard 2`] = `
"import React from 'react'

const MockComponent = () => {
  return(
    <>
      <p>Boilerplate mock component component</p>
    </>
  )
}

export default MockComponent
"
`;

exports[`Integration Test Generated App New component wizard(plop) can generate new atoms through the wizard 3`] = `
"import React from 'react'
import { render } from '@testing-library/react'
import MockComponent from '.'

describe('MockComponent', () => {
  it('creates short description', () => {
    const { asFragment } = render(<MockComponent />)
    expect(asFragment()).toMatchSnapshot()
  })
})
"
`;

exports[`Integration Test Generated App New component wizard(plop) can generate new molecules through the wizard 1`] = `
"export { default } from './MockComponent'
"
`;

exports[`Integration Test Generated App New component wizard(plop) can generate new molecules through the wizard 2`] = `
"import React from 'react'

const MockComponent = () => {
  return(
    <>
      <p>Boilerplate mock component component</p>
    </>
  )
}

export default MockComponent
"
`;

exports[`Integration Test Generated App New component wizard(plop) can generate new molecules through the wizard 3`] = `
"import React from 'react'
import { render } from '@testing-library/react'
import MockComponent from '.'

describe('MockComponent', () => {
  it('creates short description', () => {
    const { asFragment } = render(<MockComponent />)
    expect(asFragment()).toMatchSnapshot()
  })
})
"
`;

exports[`Integration Test Generated App New component wizard(plop) can generate new organisms through the wizard 1`] = `
"export { default } from './MockComponent'
"
`;

exports[`Integration Test Generated App New component wizard(plop) can generate new organisms through the wizard 2`] = `
"import React from 'react'

const MockComponent = () => {
  return(
    <>
      <p>Boilerplate mock component component</p>
    </>
  )
}

export default MockComponent
"
`;

exports[`Integration Test Generated App New component wizard(plop) can generate new organisms through the wizard 3`] = `
"import React from 'react'
import { render } from '@testing-library/react'
import MockComponent from '.'

describe('MockComponent', () => {
  it('creates short description', () => {
    const { asFragment } = render(<MockComponent />)
    expect(asFragment()).toMatchSnapshot()
  })
})
"
`;
